Flutter 3.29.3 • channel stable • https://github.com/flutter/flutter.git
Framework • revision ea121f8859 (1 year, 6 months ago) • 2025-04-11 19:10:07 +0000
Engine • revision cf56914b32
Tools • Dart 3.7.2 • DevTools 2.42.3

  ╔════════════════════════════════════════════════════════════════════════════╗
  ║                 Welcome to Flutter! - https://flutter.dev                  ║
  ║                                                                            ║
  ║ The Flutter tool uses Google Analytics to anonymously report feature usage ║
  ║ statistics and basic crash reports. This data is used to help improve      ║
  ║ Flutter tools over time.                                                   ║
  ║                                                                            ║
  ║ Flutter tool analytics are not sent on the very first run. To disable      ║
  ║ reporting, type 'flutter config --no-analytics'. To display the current    ║
  ║ setting, type 'flutter config'. If you opt out of analytics, an opt-out    ║
  ║ event will be sent, and then no further information will be sent by the    ║
  ║ Flutter tool.                                                              ║
  ║                                                                            ║
  ║ By downloading the Flutter SDK, you agree to the Google Terms of Service.  ║
  ║ The Google Privacy Policy describes how data is handled in this service.   ║
  ║                                                                            ║
  ║ Moreover, Flutter includes the Dart SDK, which may send usage metrics and  ║
  ║ crash reports to Google.                                                   ║
  ║                                                                            ║
  ║ Read about data we send with crash reports:                                ║
  ║ https://flutter.dev/to/crash-reporting                                     ║
  ║                                                                            ║
  ║ See Google's privacy policy:                                               ║
  ║ https://policies.google.com/privacy                                        ║
  ║                                                                            ║
  ║ To disable animations in this tool, use                                    ║
  ║ 'flutter config --no-cli-animations'.                                      ║
  ╚════════════════════════════════════════════════════════════════════════════╝

Recreating project ....
  android/app/src/profile/AndroidManifest.xml (created)
  android/app/src/main/res/values-night/styles.xml (created)
  android/app/src/main/res/mipmap-mdpi/ic_launcher.png (created)
  android/app/src/main/res/drawable-v21/launch_background.xml (created)
  android/app/src/main/res/drawable/launch_background.xml (created)
  android/app/src/main/res/values/styles.xml (created)
  android/app/src/main/res/mipmap-hdpi/ic_launcher.png (created)
  android/app/src/main/res/mipmap-xxhdpi/ic_launcher.png (created)
  android/app/src/main/res/mipmap-xhdpi/ic_launcher.png (created)
  android/app/src/main/res/mipmap-xxxhdpi/ic_launcher.png (created)
  android/app/src/main/AndroidManifest.xml (created)
  android/app/src/debug/AndroidManifest.xml (created)
  android/.gitignore (created)
  android/settings.gradle.kts (created)
  android/gradle.properties (created)
  android/gradle/wrapper/gradle-wrapper.properties (created)
  android/sipsak_android.iml (created)
  android/app/build.gradle.kts (created)
  android/app/src/main/kotlin/com/sipsak/sipsak/MainActivity.kt (created)
  android/build.gradle.kts (created)
  .idea/modules.xml (created)
  .idea/libraries/KotlinJavaRuntime.xml (created)
  .idea/libraries/Dart_SDK.xml (created)
  .idea/runConfigurations/main_dart.xml (created)
  .idea/workspace.xml (created)
  sipsak.iml (created)
  analysis_options.yaml (created)
  test/widget_test.dart (created)
Wrote 31 files.

All done!
You can find general documentation for Flutter at: https://docs.flutter.dev/
Detailed API documentation is available at: https://api.flutter.dev/
If you prefer video documentation, consider: https://www.youtube.com/c/flutterdev

In order to run your application, type:

  $ cd .
  $ flutter run

Your application code is in ./lib/main.dart.

[patch_android] ikonlar kopyalandı
[patch_android] manifest ayarlandı
[patch_android] build.gradle.kts ayarlandı
[patch_android] Kotlin 2.1.0
[patch_android] tamam
Resolving dependencies...
Downloading packages...
+ archive 4.3.0
+ args 2.7.0
+ async 2.13.1
+ camera 0.11.2+1 (0.12.1 available)
+ camera_android_camerax 0.6.19+1 (0.7.5+1 available)
+ camera_avfoundation 0.9.21+2 (0.11.0 available)
+ camera_platform_interface 2.12.0 (2.14.0 available)
+ camera_web 0.3.5 (0.3.5+6 available)
+ characters 1.4.0 (1.4.1 available)
+ clock 1.1.3
+ collection 1.19.1
+ cross_file 0.3.5 (0.4.0 available)
+ crypto 3.0.7
+ dbus 0.7.12 (0.8.0 available)
+ ffi 2.2.0
+ file 7.0.1
+ fixnum 1.1.1
+ flutter 0.0.0 from sdk flutter
+ flutter_lints 5.0.0 (6.0.0 available)
+ flutter_local_notifications 18.0.1 (22.3.1 available)
+ flutter_local_notifications_linux 5.0.0 (8.0.1 available)
+ flutter_local_notifications_platform_interface 8.0.0 (12.2.0 available)
+ flutter_plugin_android_lifecycle 2.0.31 (2.0.35 available)
+ flutter_web_plugins 0.0.0 from sdk flutter
+ google_fonts 6.3.2 (9.0.0 available)
+ http 1.6.0
+ http_parser 4.1.2
+ image 4.10.1
+ lints 5.1.1 (6.1.0 available)
+ material_color_utilities 0.11.1 (0.13.1 available)
+ meta 1.16.0 (1.19.0 available)
+ mime 2.1.0
+ path 1.9.1
+ path_provider 2.1.5 (2.1.6 available)
+ path_provider_android 2.2.19 (2.3.1 available)
+ path_provider_foundation 2.4.2 (2.6.0 available)
+ path_provider_linux 2.2.1 (2.2.2 available)
+ path_provider_platform_interface 2.1.2 (2.1.3 available)
+ path_provider_windows 2.3.0
+ petitparser 6.1.0 (7.1.0 available)
+ platform 3.1.6 (3.2.0 available)
+ plugin_platform_interface 2.1.8
+ posix 6.5.2
+ share_plus 10.1.4 (13.3.1 available)
+ share_plus_platform_interface 5.0.2 (7.2.0 available)
+ shared_preferences 2.5.3 (2.5.5 available)
+ shared_preferences_android 2.4.13 (2.4.28 available)
+ shared_preferences_foundation 2.5.4 (2.5.7 available)
+ shared_preferences_linux 2.4.1
+ shared_preferences_platform_interface 2.4.1 (2.4.2 available)
+ shared_preferences_web 2.4.3
+ shared_preferences_windows 2.4.1
+ sky_engine 0.0.0 from sdk flutter
+ source_span 1.10.2
+ stream_transform 2.1.2
+ string_scanner 1.4.1
+ term_glyph 1.2.2
+ timezone 0.10.1 (0.11.1 available)
+ typed_data 1.4.0
+ url_launcher_linux 3.2.1 (3.2.3 available)
+ url_launcher_platform_interface 2.3.2
+ url_launcher_web 2.4.1 (2.4.3 available)
+ url_launcher_windows 3.1.4 (3.1.6 available)
+ uuid 4.6.0
+ vector_math 2.1.4 (2.4.3 available)
+ web 1.1.1
+ win32 5.13.0 (6.4.0 available)
+ xdg_directories 1.1.0
+ xml 6.5.0 (7.1.0 available)
Changed 69 dependencies!
37 packages have newer versions incompatible with dependency constraints.
Try `flutter pub outdated` for more information.
Analyzing lib...                                                

   info • The import of 'dart:typed_data' is unnecessary because all of the used elements are also provided by the import of 'package:flutter/foundation.dart' • lib/screens/camera.dart:2:8 • unnecessary_import
   info • The import of 'dart:typed_data' is unnecessary because all of the used elements are also provided by the import of 'package:flutter/foundation.dart' • lib/services/app_state.dart:1:8 • unnecessary_import
   info • The import of 'dart:ui' is unnecessary because all of the used elements are also provided by the import of 'package:flutter/material.dart' • lib/theme.dart:1:8 • unnecessary_import

3 issues found. (ran in 15.7s)

Running Gradle task 'assembleRelease'...                        
Checking the license for package NDK (Side by side) 26.3.11579264 in /usr/local/lib/android/sdk/licenses
License for package NDK (Side by side) 26.3.11579264 accepted.
Preparing "Install NDK (Side by side) 26.3.11579264 v.26.3.11579264".
"Install NDK (Side by side) 26.3.11579264 v.26.3.11579264" ready.
Installing NDK (Side by side) 26.3.11579264 in /usr/local/lib/android/sdk/ndk/26.3.11579264
"Install NDK (Side by side) 26.3.11579264 v.26.3.11579264" complete.
"Install NDK (Side by side) 26.3.11579264 v.26.3.11579264" finished.
Your project is configured with Android NDK 26.3.11579264, but the following plugin(s) depend on a different Android NDK version:
- camera_android_camerax requires Android NDK 27.0.12077973
- flutter_local_notifications requires Android NDK 27.0.12077973
- flutter_plugin_android_lifecycle requires Android NDK 27.0.12077973
- path_provider_android requires Android NDK 27.0.12077973
- share_plus requires Android NDK 27.0.12077973
- shared_preferences_android requires Android NDK 27.0.12077973
Fix this issue by using the highest Android NDK version (they are backward compatible).
Add the following to /home/runner/work/Sipsak/Sipsak/android/app/build.gradle.kts:

    android {
        ndkVersion = "27.0.12077973"
        ...
    }

Font asset "MaterialIcons-Regular.otf" was tree-shaken, reducing it from 1645184 to 4448 bytes (99.7% reduction). Tree-shaking can be disabled by providing the --no-tree-shake-icons flag when building your app.
Caught exception: Already watching path: /home/runner/work/Sipsak/Sipsak/android
Checking the license for package CMake 3.22.1 in /usr/local/lib/android/sdk/licenses
License for package CMake 3.22.1 accepted.
Preparing "Install CMake 3.22.1 v.3.22.1".
"Install CMake 3.22.1 v.3.22.1" ready.
Installing CMake 3.22.1 in /usr/local/lib/android/sdk/cmake/3.22.1
"Install CMake 3.22.1 v.3.22.1" complete.
"Install CMake 3.22.1 v.3.22.1" finished.
Running Gradle task 'assembleRelease'...                          367.3s
✓ Built build/app/outputs/flutter-apk/app-release.apk (54.6MB)
